
> my-app@0.1.0 build
> next build --webpack

▲ Next.js 16.2.4 (webpack)

  Creating an optimized production build ...
> [PWA] Compile server
> [PWA] Compile server
> [PWA] Compile client (static)
> [PWA] Auto register service worker with: C:\cygwin64\home\vangu mvuluzi\projets-kadea-b4-2025\mboka\mboka\my-app\node_modules\next-pwa\register.js
> [PWA] Service worker: C:\cygwin64\home\vangu mvuluzi\projets-kadea-b4-2025\mboka\mboka\my-app\public\sw.js
> [PWA]   url: /sw.js
> [PWA]   scope: /
✓ Compiled successfully in 15.9s
  Running TypeScript ...
  Finished TypeScript in 11.1s ...
  Collecting page data using 3 workers ...
  Generating static pages using 3 workers (0/19) ...
  Generating static pages using 3 workers (4/19) 
  Generating static pages using 3 workers (9/19) 
  Generating static pages using 3 workers (14/19) 
✓ Generating static pages using 3 workers (19/19) in 3.2s
  Finalizing page optimization ...
  Collecting build traces ...

Route (app)
┌ ○ /
├ ○ /_not-found
├ ○ /apple-icon.png
├ ○ /apropos
├ ○ /artistes
├ ○ /artistes/bogo
├ ○ /artistes/bogo/tracklist
├ ○ /artistes/c2b
├ ○ /artistes/c2b/tracklist
├ ○ /artistes/flacko
├ ○ /artistes/flacko/tracklist
├ ○ /artistes/keurma
├ ○ /artistes/keurma/tracklist
├ ○ /boutique
├ ○ /decouvrir
├ ○ /evenement
└ ○ /icon.png


○  (Static)  prerendered as static content

